40100015
40200000
00003400
80000000
400e0001
8000014e
00003440
40070001
80000147
00003440
40010002
00004210
c0230014
000003e7
00011e70
00011730
80000147
00003440
00003110
c000000b
c0000014
00000008
