4017000f
40270000
80000007
00003770
40030002
40020000
00004420
c023000e
00011630
00000333
00000363
80000173
00003220
c0000006
c000000e
00000005
