40100030
40200000
40160026
40260000
4005001e
40040002
40020002
00011140
c0306000
00009000
00013111
c0120013
00009000
00003220
00004142
c0220007
00009000
80000104
00003000
00003440
00004345
c0220006
00009000
00011500
40130030
40230000
80000013
00009210
c0306000
00009000
80000101
00003000
00003330
00004f35
c022001a
00009000
c0000024
00009000
00004112
c013002d
00009000
c012002e
00009000
c0000026
00009000
00000112
c040f000
00009000
